index.json: 328,372 bytes
reports/rs_0W2PZJM8XOY22M4GG883.CON__2025-09-30.json: 39,151 bytes
reports/rs_0W2PZJM8XOY22M4GG883.CON__2025-06-30.json: 216,358 bytes
codebook.json: 90,034 bytes
reports/rs_0W2PZJM8XOY22M4GG883.CON__2026-03-31.json: 40,199 bytes
reports/rs_0W2PZJM8XOY22M4GG883.CON__2025-12-31.json: 262,402 bytes
labels.json: 9,409,293 bytes
reports/rs_0W5QHUNYV4W7GJO62R27.CON__2025-12-31.json: 200,816 bytes
peer_shape.json: 5,240,981 bytes
benchmark.json: 7,003,824 bytes
reports/rs_1FOLRR5RWTWWI397R131.IND__2025-06-30.json: 108,141 bytes
reports/rs_1FOLRR5RWTWWI397R131.IND__2025-09-30.json: 23,799 bytes
reports/rs_1FOLRR5RWTWWI397R131.IND__2025-12-31.json: 115,830 bytes
reports/rs_2138002PVBMEHILJ1340.IND__2025-12-31.json: 51,342 bytes
reports/rs_1FOLRR5RWTWWI397R131.IND__2026-03-31.json: 23,142 bytes
reports/rs_21380033CFFM2V1ZCK65.CON__2025-12-31.json: 70,066 bytes
reports/rs_2138004FIUXU3B2MR537.CON__2025-06-30.json: 135,484 bytes
reports/rs_2138004FIUXU3B2MR537.CON__2025-09-30.json: 23,800 bytes
reports/rs_21380057HUGFEAF25W84.CON__2025-06-30.json: 10,809 bytes
reports/rs_2138004FIUXU3B2MR537.CON__2026-03-31.json: 25,668 bytes
reports/rs_21380057HUGFEAF25W84.CON__2025-12-31.json: 94,002 bytes
reports/rs_2138005M92IEIQVEL297.CON__2025-12-31.json: 110,582 bytes
reports/rs_2138005M92IEIQVEL297.CON__2025-06-30.json: 13,748 bytes
reports/rs_2138005MGIT3X9ZTMP37.IND__2025-12-31.json: 29,492 bytes
reports/rs_2138007F5HA5FFJROB80.CON__2025-12-31.json: 71,849 bytes
reports/rs_2138007JGI1M5YF7FJ53.CON__2025-12-31.json: 31,857 bytes
reports/rs_2138007WKF5CM2EUM824.IND__2025-12-31.json: 66,283 bytes
reports/rs_213800984CWACNBY8F31.IND__2025-12-31.json: 28,771 bytes
reports/rs_2138009Y59EAR7H1UO97.CON__2025-06-30.json: 161,928 bytes
reports/rs_2138009Y59EAR7H1UO97.CON__2025-09-30.json: 23,697 bytes
reports/rs_2138009Y59EAR7H1UO97.CON__2026-03-31.json: 23,265 bytes
reports/rs_2138009Y59EAR7H1UO97.CON__2025-12-31.json: 253,381 bytes
reports/rs_213800A1O379I6DMCU10.IND__2025-09-30.json: 27,481 bytes
reports/rs_213800A1O379I6DMCU10.IND__2025-12-31.json: 135,006 bytes
reports/rs_213800A1O379I6DMCU10.IND__2025-06-30.json: 121,697 bytes
reports/rs_213800A1O379I6DMCU10.IND__2026-03-31.json: 17,684 bytes
reports/rs_213800C78WI8VFJCYR09.IND__2025-12-31.json: 30,700 bytes
reports/rs_213800CBW4NPFP73ZK64.CON__2025-12-31.json: 54,620 bytes
reports/rs_213800CQ92347ZCS9V73.CON__2025-12-31.json: 57,984 bytes
reports/rs_213800DBQIB6VBNU5C64.CON__2025-09-30.json: 32,568 bytes
reports/rs_213800DBQIB6VBNU5C64.CON__2025-06-30.json: 248,892 bytes
reports/rs_213800DBQIB6VBNU5C64.CON__2025-12-31.json: 315,968 bytes
reports/rs_213800GO21RWIB6O9Q29.CON__2025-12-31.json: 20,381 bytes
reports/rs_213800HDJ876ACJXXD05.CON__2025-09-30.json: 32,890 bytes
reports/rs_213800JF3JFF6MMR2P36.CON__2025-12-31.json: 154,164 bytes
reports/rs_213800HDJ876ACJXXD05.CON__2025-06-30.json: 226,741 bytes
reports/rs_213800KYUPNOQPAQL758.CON__2025-12-31.json: 61,879 bytes
reports/rs_213800KOJ5JSZ6ID2R91.IND__2025-12-31.json: 28,619 bytes
reports/rs_213800KGF4EFNUQKAT69.CON__2025-12-31.json: 379,449 bytes
reports/rs_213800M7T3CYVZ3ZRT12.CON__2025-06-30.json: 142,835 bytes
reports/rs_213800M7T3CYVZ3ZRT12.CON__2025-09-30.json: 27,977 bytes
reports/rs_213800M7T3CYVZ3ZRT12.CON__2026-03-31.json: 27,787 bytes
reports/rs_213800P1P13ABO5R9V78.IND__2025-12-31.json: 50,705 bytes
reports/rs_213800M7T3CYVZ3ZRT12.CON__2025-12-31.json: 170,067 bytes
reports/rs_213800MLL4APN9UP1J53.IND__2025-12-31.json: 31,077 bytes
reports/rs_213800RENLNKMWZV8767.CON__2025-12-31.json: 70,120 bytes
reports/rs_213800TC9PZRBHMJW403.CON__2025-09-30.json: 23,885 bytes
reports/rs_213800TC9PZRBHMJW403.CON__2025-12-31.json: 165,940 bytes
reports/rs_213800RZWHE5EUX9R444.CON__2025-12-31.json: 248,842 bytes
reports/rs_213800TC9PZRBHMJW403.CON__2025-06-30.json: 168,162 bytes
reports/rs_213800TKOS7J5UA3ZI07.IND__2025-12-31.json: 16,703 bytes
reports/rs_213800UK7516IBWZO445.IND__2025-12-31.json: 26,082 bytes
reports/rs_213800UIIZ6YSEQB5S26.CON__2025-12-31.json: 154,702 bytes
reports/rs_213800UYAHIRLZ4NSN67.IND__2025-12-31.json: 123,616 bytes
reports/rs_213800UYAHIRLZ4NSN67.IND__2025-06-30.json: 10,205 bytes
reports/rs_213800X3Q9LSAKRUWY91.CON__2025-06-30.json: 58,958 bytes
reports/rs_213800X3Q9LSAKRUWY91.CON__2025-12-31.json: 65,948 bytes
reports/rs_213800X3Q9LSAKRUWY91.CON__2026-03-31.json: 40,900 bytes
reports/rs_213800ZOI1EW481WPV90.IND__2025-12-31.json: 18,019 bytes
reports/rs_222100PG81CES7H3HZ28.CON__2025-12-31.json: 25,326 bytes
reports/rs_22210058UCKT3BJTCN24.CON__2025-06-30.json: 7,828 bytes
reports/rs_222100V03Y766EM5TZ83.IND__2025-12-31.json: 10,485 bytes
reports/rs_22210058UCKT3BJTCN24.CON__2025-12-31.json: 148,732 bytes
reports/rs_2534005A84927EKSR789.CON__2025-12-31.json: 38,066 bytes
reports/rs_254900RNFMDM0P11YR84.CON__2025-09-30.json: 30,868 bytes
reports/rs_254900RNFMDM0P11YR84.CON__2025-06-30.json: 147,287 bytes
reports/rs_2594000ZNGGQZXZKXH36.CON__2025-12-31.json: 48,574 bytes
reports/rs_254900WR3I1Z9NPC7D84.CON__2025-12-31.json: 50,417 bytes
reports/rs_259400BILZFH923Q1N56.IND__2025-12-31.json: 29,026 bytes
reports/rs_259400DAAAR5M4A6SI23.IND__2025-12-31.json: 37,353 bytes
reports/rs_259400DZXF7UJKK2AY35.CON__2025-06-30.json: 177,250 bytes
reports/rs_259400DZXF7UJKK2AY35.CON__2025-09-30.json: 28,230 bytes
reports/rs_259400GZKACLCASLRW25.IND__2025-12-31.json: 48,637 bytes
reports/rs_259400DZXF7UJKK2AY35.CON__2025-12-31.json: 320,779 bytes
reports/rs_259400DZXF7UJKK2AY35.CON__2026-03-31.json: 31,104 bytes
reports/rs_259400L03ZTD1W99FZ91.IND__2025-12-31.json: 32,648 bytes
reports/rs_259400LGXW3K0GDAG361.CON__2025-09-30.json: 31,447 bytes
reports/rs_259400LGXW3K0GDAG361.CON__2025-06-30.json: 343,640 bytes
reports/rs_259400OFDZ9KPZEO8K78.CON__2025-06-30.json: 42,035 bytes
reports/rs_259400P9KF07OP2K5P83.IND__2025-06-30.json: 7,197 bytes
reports/rs_259400LGXW3K0GDAG361.CON__2025-12-31.json: 484,095 bytes
reports/rs_259400QHDOZWMJ103294.CON__2025-06-30.json: 24,536 bytes
reports/rs_259400LGXW3K0GDAG361.CON__2026-03-31.json: 33,261 bytes
reports/rs_259400QHDOZWMJ103294.CON__2025-12-31.json: 136,872 bytes
reports/rs_259400WNAOMT2E4OIS38.CON__2025-12-31.json: 27,707 bytes
reports/rs_259400YLRTOBISHBVX41.CON__2025-06-30.json: 386,538 bytes
reports/rs_259400YLRTOBISHBVX41.CON__2026-03-31.json: 21,395 bytes
reports/rs_259400YLRTOBISHBVX41.CON__2025-09-30.json: 27,694 bytes
reports/rs_259400YLRTOBISHBVX41.CON__2025-12-31.json: 460,424 bytes
reports/rs_2G5BKIC2CB69PRJH1W31.IND__2025-09-30.json: 32,977 bytes
reports/rs_2G5BKIC2CB69PRJH1W31.IND__2025-06-30.json: 165,063 bytes
reports/rs_2G5BKIC2CB69PRJH1W31.IND__2025-12-31.json: 261,810 bytes
reports/rs_2W8N8UU78PMDQKZENC08.CON__2025-09-30.json: 38,929 bytes
reports/rs_2W8N8UU78PMDQKZENC08.CON__2026-03-31.json: 38,427 bytes
reports/rs_2W8N8UU78PMDQKZENC08.CON__2025-06-30.json: 394,690 bytes
reports/rs_2ZCNRR8UK83OBTEK2170.CON__2025-06-30.json: 145,942 bytes
reports/rs_2ZCNRR8UK83OBTEK2170.CON__2025-09-30.json: 40,187 bytes
reports/rs_2W8N8UU78PMDQKZENC08.CON__2025-12-31.json: 538,595 bytes
reports/rs_2ZCNRR8UK83OBTEK2170.CON__2025-12-31.json: 156,805 bytes
reports/rs_31570014BNQ1Q99CNQ35.CON__2025-06-30.json: 7,771 bytes
reports/rs_2ZCNRR8UK83OBTEK2170.CON__2026-03-31.json: 39,672 bytes
reports/rs_31570010000000004460.CON__2025-12-31.json: 78,570 bytes
reports/rs_31570014BNQ1Q99CNQ35.CON__2025-12-31.json: 62,979 bytes
reports/rs_3157002JBFAI478MD587.CON__2025-09-30.json: 32,883 bytes
reports/rs_3157002JBFAI478MD587.CON__2025-06-30.json: 358,842 bytes
reports/rs_3157002JBFAI478MD587.CON__2026-03-31.json: 33,112 bytesreports/rs_3157006K4C7PJT790450.IND__2025-12-31.json: 19,778 bytes

reports/rs_3157002JBFAI478MD587.CON__2025-12-31.json: 374,782 bytes
reports/rs_315700E9POA724IWFP59.CON__2025-06-30.json: 168,987 bytes
reports/rs_315700E9POA724IWFP59.CON__2025-09-30.json: 24,459 bytes
reports/rs_315700E9POA724IWFP59.CON__2025-12-31.json: 258,949 bytes
reports/rs_315700E9POA724IWFP59.CON__2026-03-31.json: 29,341 bytesreports/rs_315700K45LRKNGMUIW27.IND__2025-09-30.json: 18,585 bytes

reports/rs_315700K45LRKNGMUIW27.IND__2025-06-30.json: 144,668 bytes
reports/rs_315700K45LRKNGMUIW27.IND__2025-12-31.json: 190,864 bytes
reports/rs_315700K45LRKNGMUIW27.IND__2026-03-31.json: 21,485 bytes
reports/rs_39120001JPAYYPDRNN92.IND__2025-12-31.json: 65,956 bytes
reports/rs_391200EEGLNXBBCVKC73.CON__2025-12-31.json: 306,894 bytes
reports/rs_3H0Q3U74FVFED2SHZT16.CON__2025-09-30.json: 33,572 bytes
reports/rs_391200EEGLNXBBCVKC73.CON__2025-06-30.json: 11,736 bytes
reports/rs_3DM5DPGI3W6OU6GJ4N92.CON__2025-12-31.json: 207,076 bytes
reports/rs_3H0Q3U74FVFED2SHZT16.CON__2025-06-30.json: 382,407 bytes
reports/rs_3H0Q3U74FVFED2SHZT16.CON__2026-03-31.json: 35,087 bytes
reports/rs_3M5E1GQGKL17HI6CPN30.CON__2025-12-31.json: 16,473 bytes
reports/rs_3M5E1GQGKL17HI6CPN30.CON__2026-03-31.json: 37,725 bytes
reports/rs_3H0Q3U74FVFED2SHZT16.CON__2025-12-31.json: 456,969 bytes
reports/rs_3TK20IVIUJ8J3ZU0QE75.CON__2025-12-31.json: 622,969 bytes
reports/rs_485100FX5Y9YLAQLNP12.CON__2025-12-31.json: 220,604 bytes
reports/rs_5299000F1CGJQ8NAXQ58.IND__2025-12-31.json: 67,493 bytes
reports/rs_5299000PCY1EP8QJFV48.CON__2025-12-31.json: 36,520 bytes
reports/rs_5299001ADI8FLGT0GU28.IND__2025-12-31.json: 39,332 bytes
reports/rs_5299000R7WZOVIFHLN21.CON__2025-12-31.json: 45,509 bytes
reports/rs_5299001PEMDU9N24CH60.CON__2025-12-31.json: 48,045 bytes
reports/rs_52990026HQOTT4AJP655.IND__2025-12-31.json: 44,969 bytes
reports/rs_5299002GPCR602QYJC04.CON__2025-06-30.json: 6,642 bytes
reports/rs_5299003ATVTQVPTW4735.CON__2025-06-30.json: 9,026 bytes
reports/rs_5299002GPCR602QYJC04.CON__2025-12-31.json: 232,502 bytes
reports/rs_52990045V2BWJN669Q34.CON__2025-12-31.json: 93,812 bytes
reports/rs_5299004R4U60UMXLSE36.IND__2025-12-31.json: 17,746 bytes
reports/rs_52990033C5FUEN4LMC06.IND__2025-12-31.json: 143,548 bytes
reports/rs_5299005743YY767PR386.IND__2025-12-31.json: 23,165 bytes
reports/rs_5299005OACOC1C1OFJ11.IND__2025-06-30.json: 8,251 bytes
reports/rs_5299005UJX6K7BQKV086.CON__2025-12-31.json: 109,347 bytes
reports/rs_5299005OACOC1C1OFJ11.IND__2025-12-31.json: 220,084 bytes
reports/rs_52990061592SQLEJN964.IND__2025-12-31.json: 38,990 bytes
reports/rs_5299005UJX6K7BQKV086.CON__2026-03-31.json: 19,487 bytes
reports/rs_5299007QVIQ7IO64NX37.CON__2025-09-30.json: 785 bytes
reports/rs_5299007S3UH5RKUYDA52.IND__2025-06-30.json: 126,139 bytes
reports/rs_5299007S3UH5RKUYDA52.IND__2025-09-30.json: 29,566 bytes
reports/rs_5299007S3UH5RKUYDA52.IND__2026-03-31.json: 25,706 bytes
reports/rs_52990089LBIKLBM8YB23.IND__2025-12-31.json: 40,537 bytes
reports/rs_5299008FEH4GQXGZNP50.CON__2025-12-31.json: 31,212 bytes
reports/rs_5299007S3UH5RKUYDA52.IND__2025-12-31.json: 202,978 bytes
reports/rs_52990096Q5LMCH1WU462.CON__2025-12-31.json: 90,880 bytes
reports/rs_52990096Q5LMCH1WU462.CON__2026-03-31.json: 4,125 bytes
reports/rs_52990093INYLJNWHQ228.IND__2025-12-31.json: 40,024 bytes
reports/rs_5299009EHB4RBGMI5828.IND__2025-06-30.json: 7,763 bytes
reports/rs_5299009EHB4RBGMI5828.IND__2025-12-31.json: 182,094 bytes
reports/rs_5299008I0TO44SUINZ71.IND__2025-12-31.json: 616,690 bytes
reports/rs_529900AVGYYBVL1VNQ03.IND__2025-12-31.json: 112,912 bytes
reports/rs_529900BHRYZ464GFD289.CON__2025-06-30.json: 7,200 bytes
reports/rs_529900B4OR3PD4V3AQ57.CON__2025-12-31.json: 37,390 bytes
reports/rs_529900B91AUH0YTEXN10.IND__2025-12-31.json: 40,988 bytes
reports/rs_529900BHRYZ464GFD289.CON__2025-12-31.json: 114,716 bytes
reports/rs_529900BI5KIGX6YLX375.CON__2025-12-31.json: 93,720 bytes
reports/rs_529900C9OP6Y0DPYSK11.IND__2025-12-31.json: 40,919 bytes
reports/rs_529900CJAJ0HDPPKUI53.IND__2025-12-31.json: 26,778 bytes
reports/rs_529900C3SHT3Q94H3W82.CON__2025-12-31.json: 40,895 bytes
reports/rs_529900BIK4WRWS06MR52.IND__2025-12-31.json: 20,390 bytes
reports/rs_529900D5G4V6THXC5P79.IND__2025-06-30.json: 102,936 bytes
reports/rs_529900D5G4V6THXC5P79.IND__2025-09-30.json: 26,842 bytes
reports/rs_529900DPOQPLDSF3R482.CON__2025-12-31.json: 24,412 bytes
reports/rs_529900D5G4V6THXC5P79.IND__2025-12-31.json: 183,997 bytes
reports/rs_529900DEAYRUPP22B339.CON__2025-12-31.json: 18,740 bytes
reports/rs_529900DSIVJWCUQUMP41.IND__2025-12-31.json: 26,693 bytes
reports/rs_529900DXTOU2U9IZDY54.IND__2025-12-31.json: 40,764 bytes
reports/rs_529900E0WY09Z3H21393.IND__2025-12-31.json: 36,975 bytes
reports/rs_529900EKPN8EYA3AX590.IND__2025-06-30.json: 10,097 bytes
reports/rs_529900EKPN8EYA3AX590.IND__2025-12-31.json: 186,301 bytes
reports/rs_529900EM0ZU25V87GD50.IND__2025-12-31.json: 22,326 bytes
reports/rs_529900FEID5L4H2T2L70.IND__2025-06-30.json: 8,084 bytes
reports/rs_529900FEID5L4H2T2L70.IND__2025-12-31.json: 200,709 bytes
reports/rs_529900FU4WJ2XT7BVE31.IND__2025-06-30.json: 9,887 bytes
reports/rs_529900FZWXWNKF3O8394.CON__2025-12-31.json: 38,750 bytes
reports/rs_529900GM944JT8YIRL63.IND__2025-12-31.json: 267,920 bytes
reports/rs_529900GGYMNGRQTDOO93.CON__2025-12-31.json: 101,623 bytes
reports/rs_529900HC4LDSGK0NCJ85.IND__2025-12-31.json: 22,247 bytes
reports/rs_529900HEKOENJHPNN480.CON__2025-12-31.json: 141,292 bytes
reports/rs_529900HEKOENJHPNN480.CON__2025-06-30.json: 117,661 bytes
reports/rs_529900HNOAA1KXQJUQ27.CON__2025-09-30.json: 41,546 bytes
reports/rs_529900HNOAA1KXQJUQ27.CON__2025-06-30.json: 201,866 bytes
reports/rs_529900HNOAA1KXQJUQ27.CON__2026-03-31.json: 42,349 bytes
reports/rs_529900I1UZV70CZRAU55.CON__2025-09-30.json: 29,204 bytes
reports/rs_529900HNOAA1KXQJUQ27.CON__2025-12-31.json: 407,684 bytes
reports/rs_529900IRBZTADXJB6757.CON__2025-06-30.json: 6,337 bytes
reports/rs_529900IRBZTADXJB6757.CON__2025-12-31.json: 121,105 bytes
reports/rs_529900I1UZV70CZRAU55.CON__2025-06-30.json: 347,705 bytes
reports/rs_529900I1UZV70CZRAU55.CON__2025-12-31.json: 372,550 bytes
reports/rs_529900JCAE554QUYE140.IND__2025-12-31.json: 26,282 bytes
reports/rs_529900JG015JC10LED24.CON__2025-12-31.json: 208,470 bytes
reports/rs_529900JRKG8AEYL65326.IND__2025-12-31.json: 39,959 bytes
reports/rs_529900J35NSHS856UA68.CON__2025-12-31.json: 39,312 bytes
reports/rs_529900JZTYE3W7WQH904.CON__2025-09-30.json: 29,801 bytes
reports/rs_529900JZTYE3W7WQH904.CON__2026-03-31.json: 27,151 bytes
reports/rs_529900JZTYE3W7WQH904.CON__2025-12-31.json: 242,256 bytes
reports/rs_529900JZTYE3W7WQH904.CON__2025-06-30.json: 172,367 bytes
reports/rs_529900JZXXU699FCKK89.IND__2025-06-30.json: 56,961 bytes
reports/rs_529900JZXXU699FCKK89.IND__2025-09-30.json: 10,621 bytes
reports/rs_529900JZXXU699FCKK89.IND__2026-03-31.json: 14,289 bytes
reports/rs_529900JZXXU699FCKK89.IND__2025-12-31.json: 101,898 bytes
reports/rs_529900K16YGKC8BES892.IND__2026-03-31.json: 15,921 bytes
reports/rs_529900K16YGKC8BES892.IND__2025-06-30.json: 60,880 bytes
reports/rs_529900K16YGKC8BES892.IND__2025-12-31.json: 134,829 bytes
reports/rs_529900K16YGKC8BES892.IND__2025-09-30.json: 13,100 bytes
reports/rs_529900KRVTRP5RWP9K95.CON__2025-12-31.json: 174,902 bytes
reports/rs_529900L89TGSPV9OU151.CON__2025-12-31.json: 45,886 bytes
reports/rs_529900LIZVBUANJ20E31.IND__2025-12-31.json: 44,771 bytes
reports/rs_529900LU7D396TOO3B50.CON__2025-06-30.json: 1,088 bytes
reports/rs_529900LU7D396TOO3B50.CON__2025-12-31.json: 55,045 bytes
reports/rs_529900LKIMB57HKF3545.CON__2025-12-31.json: 88,484 bytes
reports/rs_529900ODI3047E2LIV03.CON__2025-09-30.json: 42,303 bytes
reports/rs_529900NNQW9IAE32GQ07.CON__2025-12-31.json: 63,172 bytes
reports/rs_529900NJYUGRO908KV84.CON__2025-12-31.json: 61,368 bytes
reports/rs_529900MQJIQGD8N3YV53.CON__2025-12-31.json: 45,516 bytes
reports/rs_529900ODI3047E2LIV03.CON__2025-12-31.json: 444,090 bytes
reports/rs_529900ODI3047E2LIV03.CON__2026-03-31.json: 44,437 bytes
reports/rs_529900OE1FOAM50XLP72.CON__2025-06-30.json: 12,065 bytes
reports/rs_529900OKPZTTS50FXP26.IND__2025-12-31.json: 37,434 bytes
reports/rs_529900ODI3047E2LIV03.CON__2025-06-30.json: 360,461 bytes
reports/rs_529900OLW8QPFMTBDC23.IND__2025-12-31.json: 55,924 bytes
reports/rs_529900PR2ELW8QI1B775.IND__2025-12-31.json: 37,430 bytes
reports/rs_529900PUK9IU39VCWK54.IND__2025-12-31.json: 41,164 bytes
reports/rs_529900QYEJ2GYSWK1F08.CON__2025-06-30.json: 7,325 bytes
reports/rs_529900QYEJ2GYSWK1F08.CON__2025-12-31.json: 241,042 bytes
reports/rs_529900P8BY9HZTZ82T70.IND__2025-12-31.json: 42,742 bytes
reports/rs_529900RQOBT3ZJMDRK43.CON__2025-12-31.json: 10,514 bytes
reports/rs_529900Q2C3I7VCILLG45.CON__2025-12-31.json: 180,413 bytes
reports/rs_529900RPGHC6DQEQL615.IND__2025-12-31.json: 83,314 bytes
reports/rs_529900RWC8ZYB066JF16.CON__2025-09-30.json: 32,971 bytes
reports/rs_529900RWC8ZYB066JF16.CON__2025-06-30.json: 235,607 bytes
reports/rs_529900RCLERIIXF4QM23.IND__2025-12-31.json: 54,820 bytes
reports/rs_529900SEFOTJH1MLGZ92.IND__2025-12-31.json: 51,526 bytes
reports/rs_529900RWC8ZYB066JF16.CON__2025-12-31.json: 293,905 bytes
reports/rs_529900S1KHKOEQL5CK20.IND__2025-12-31.json: 183,748 bytes
reports/rs_529900SSGT49ZZSWYE62.CON__2026-03-31.json: 29,177 bytes
reports/rs_529900SS7ZWCX82U3W60.IND__2025-12-31.json: 92,924 bytes
reports/rs_529900SSGT49ZZSWYE62.CON__2025-12-31.json: 592,584 bytes
reports/rs_529900SXEWPJ1MRRX537.CON__2025-12-31.json: 253,936 bytes
reports/rs_529900T32UL0CP1FZA06.CON__2025-12-31.json: 39,164 bytes
reports/rs_529900T7MYZUMMW4O176.CON__2025-12-31.json: 43,961 bytes
reports/rs_529900U5XAEYOT68AC40.IND__2025-12-31.json: 16,047 bytes
reports/rs_529900UKZBMDBDZIXD62.CON__2025-06-30.json: 7,703 bytes
reports/rs_529900UKZBMDBDZIXD62.CON__2025-12-31.json: 223,207 bytes
reports/rs_529900TDG1TFZM39SF37.CON__2025-12-31.json: 27,140 bytes
reports/rs_529900UHDH7QLRMEJQ86.CON__2025-12-31.json: 23,947 bytes
reports/rs_529900UIRB65OY6U4B21.IND__2025-12-31.json: 91,329 bytes
reports/rs_529900VS0F7BA91P4I60.IND__2025-12-31.json: 42,867 bytes
reports/rs_529900VVDOKMRRAHZ894.IND__2025-12-31.json: 176,769 bytes
reports/rs_529900V3O1M5IHMOSF46.CON__2025-06-30.json: 7,579 bytes
reports/rs_529900W3MOO00A18X956.CON__2025-09-30.json: 29,877 bytes
reports/rs_529900W3MOO00A18X956.CON__2025-12-31.json: 344,418 bytes
reports/rs_529900W3MOO00A18X956.CON__2026-03-31.json: 124,517 bytes
reports/rs_529900XB6RQ3XCELQO62.IND__2025-12-31.json: 29,018 bytes
reports/rs_529900WF3IXMJXSVJ831.IND__2025-12-31.json: 15,469 bytes
reports/rs_529900W3MOO00A18X956.CON__2025-06-30.json: 87,215 bytes
reports/rs_529900XSTAE561178282.CON__2025-06-30.json: 339,016 bytes
reports/rs_529900XSTAE561178282.CON__2025-09-30.json: 29,711 bytes
reports/rs_529900XSTAE561178282.CON__2026-03-31.json: 30,351 bytes
reports/rs_529900XDLJV1P7HBAH18.IND__2025-12-31.json: 30,278 bytes
reports/rs_529900ZVK4VTIS0TOT43.IND__2025-12-31.json: 67,136 bytes
reports/rs_529900XSTAE561178282.CON__2025-12-31.json: 412,708 bytes
reports/rs_529900ZMDTSQYEYCKL45.IND__2025-12-31.json: 41,009 bytes
reports/rs_5493000LKS7B3UTF7H35.CON__2025-06-30.json: 346,521 bytes
reports/rs_5493000LKS7B3UTF7H35.CON__2026-03-31.json: 22,235 bytes
reports/rs_5493000LKS7B3UTF7H35.CON__2025-09-30.json: 25,736 bytes
reports/rs_5493000LM0MZ4JPMGM90.CON__2025-06-30.json: 1,008 bytes
reports/rs_5493000UPYR7EEHN2R94.CON__2025-12-31.json: 59,888 bytes
reports/rs_5493000YPN33HF74SN02.IND__2025-10-31.json: 13,142 bytes
reports/rs_5493000LM0MZ4JPMGM90.CON__2025-12-31.json: 155,802 bytes
reports/rs_5493001BABFV7P27OW30.CON__2025-09-30.json: 25,414 bytes
reports/rs_5493000LKS7B3UTF7H35.CON__2025-12-31.json: 355,385 bytes
reports/rs_5493001BABFV7P27OW30.CON__2026-03-31.json: 22,948 bytes
reports/rs_5493002DPKDEC2JN1Y86.CON__2025-12-31.json: 175,335 bytes
reports/rs_5493002K643MZPQEK497.IND__2025-12-31.json: 21,533 bytes
reports/rs_5493004D82XDFVPWQJ91.IND__2025-06-30.json: 7,677 bytes
reports/rs_5493003RJ3TPV33W0108.IND__2025-12-31.json: 11,635 bytes
reports/rs_5493001U1K6M7JOL5W45.CON__2025-12-31.json: 260,247 bytes
reports/rs_5493004D82XDFVPWQJ91.IND__2025-12-31.json: 29,622 bytes
reports/rs_5493003BDYD5VPGUQS04.CON__2025-12-31.json: 238,413 bytes
reports/rs_54930056FHWP7GIWYY08.CON__2025-09-30.json: 1,498 bytes
reports/rs_5493004WUGGU2BQI7F14.CON__2025-12-31.json: 130,507 bytes
reports/rs_54930056IRBXK0Q1FP96.CON__2025-09-30.json: 12,950 bytes
reports/rs_54930056IRBXK0Q1FP96.CON__2025-06-30.json: 122,153 bytes
reports/rs_54930060Q00W1SRIUI57.IND__2025-12-31.json: 90,362 bytes
reports/rs_5493006QMFDDMYWIAM13.CON__2025-09-30.json: 40,254 bytes
reports/rs_5493006QMFDDMYWIAM13.CON__2025-06-30.json: 397,791 bytes
reports/rs_5493006QMFDDMYWIAM13.CON__2026-03-31.json: 42,230 bytes
reports/rs_5493007BWYDPQZLZ0Y27.CON__2025-06-30.json: 6,973 bytes
reports/rs_5493006Z4NTMNDDBGL49.IND__2025-09-30.json: 75,140 bytes
reports/rs_5493006QMFDDMYWIAM13.CON__2025-12-31.json: 477,236 bytes
reports/rs_5493007QRSX9DS2CM858.IND__2025-12-31.json: 48,403 bytes
reports/rs_5493007BWYDPQZLZ0Y27.CON__2025-12-31.json: 225,896 bytes
reports/rs_5493007S4JE930SIUE86.CON__2025-06-30.json: 153,707 bytes
reports/rs_5493007S4JE930SIUE86.CON__2025-09-30.json: 38,017 bytes
reports/rs_5493007SJLLCTM6J6M37.CON__2026-03-31.json: 41,653 bytes
reports/rs_5493008QOCP58OLEN998.CON__2025-06-30.json: 172,176 bytes
reports/rs_5493008QOCP58OLEN998.CON__2025-09-30.json: 30,683 bytes
reports/rs_5493007S4JE930SIUE86.CON__2025-12-31.json: 176,539 bytes
reports/rs_5493007SWCCN9S3J2748.CON__2025-12-31.json: 173,948 bytes
reports/rs_5493008QRHH0XCLJ4238.CON__2025-06-30.json: 123,396 bytes
reports/rs_5493008QRHH0XCLJ4238.CON__2025-09-30.json: 24,483 bytes
reports/rs_5493009EIBTCB1X12G89.CON__2025-06-30.json: 11,236 bytes
reports/rs_5493009ML6YX83YHC820.CON__2025-06-30.json: 172,403 bytes
reports/rs_5493009ML6YX83YHC820.CON__2025-09-30.json: 30,507 bytes
reports/rs_5493009EIBTCB1X12G89.CON__2025-12-31.json: 267,613 bytes
reports/rs_5493008QRHH0XCLJ4238.CON__2025-12-31.json: 267,797 bytes
reports/rs_5493009ML6YX83YHC820.CON__2026-03-31.json: 31,040 bytes
reports/rs_5493009ML6YX83YHC820.CON__2025-12-31.json: 233,129 bytes
reports/rs_549300A2F46GR0UOM390.CON__2025-09-30.json: 40,980 bytes
reports/rs_549300A2F46GR0UOM390.CON__2025-06-30.json: 242,396 bytes
reports/rs_5493009VJC01E4H6HH77.CON__2025-12-31.json: 157,505 bytes
reports/rs_5493009W2E2YDCXY6S81.CON__2025-12-31.json: 89,243 bytes
reports/rs_549300A2F46GR0UOM390.CON__2025-12-31.json: 295,685 bytes
reports/rs_549300BZZFFS0SOWR325.IND__2025-12-31.json: 36,517 bytes
reports/rs_549300C6TUMDXNOVXS82.CON__2025-06-30.json: 160,663 bytes
reports/rs_549300C6TUMDXNOVXS82.CON__2025-09-30.json: 30,632 bytes
reports/rs_549300C6TUMDXNOVXS82.CON__2026-03-31.json: 30,692 bytes
reports/rs_549300D7SF4JSQDV7040.IND__2025-12-31.json: 8,527 bytes
reports/rs_549300CQ9NLEHMRCU505.IND__2025-12-31.json: 39,393 bytes
reports/rs_549300C6TUMDXNOVXS82.CON__2025-12-31.json: 214,033 bytes
reports/rs_549300DVPJYGNF2P7B03.CON__2025-09-30.json: 40,624 bytes
reports/rs_549300DVPJYGNF2P7B03.CON__2025-06-30.json: 226,739 bytes
reports/rs_549300DYPOFMXOR7XM56.CON__2025-12-31.json: 261,982 bytes
reports/rs_549300EHNXQVOI120S55.CON__2025-06-30.json: 91,166 bytes
reports/rs_549300DVPJYGNF2P7B03.CON__2025-12-31.json: 263,549 bytes
reports/rs_549300DYPOFMXOR7XM56.CON__2025-06-30.json: 213,794 bytes
reports/rs_549300EHNXQVOI120S55.CON__2025-09-30.json: 20,641 bytes
reports/rs_549300EHNXQVOI120S55.CON__2026-03-31.json: 23,245 bytes
reports/rs_549300EHNXQVOI120S55.CON__2025-12-31.json: 108,469 bytes
reports/rs_549300FH0WJAPEHTIQ77.IND__2025-06-30.json: 10,126 bytes
reports/rs_549300F7FBD744MEP844.IND__2025-12-31.json: 32,220 bytes
reports/rs_549300FH0WJAPEHTIQ77.IND__2025-09-30.json: 1,219 bytes
reports/rs_549300FH0WJAPEHTIQ77.IND__2025-12-31.json: 167,268 bytes
reports/rs_549300GKFG0RYRRQ1414.CON__2025-09-30.json: 33,726 bytes
reports/rs_549300GKFG0RYRRQ1414.CON__2025-06-30.json: 274,597 bytes
reports/rs_549300GKFG0RYRRQ1414.CON__2026-03-31.json: 35,059 bytes
reports/rs_549300G3C8M0WXQCWH61.CON__2025-12-31.json: 67,595 bytes
reports/rs_549300FRBP5L0O1HY885.IND__2025-12-31.json: 16,646 bytes
reports/rs_549300GKFG0RYRRQ1414.CON__2025-12-31.json: 297,225 bytes
reports/rs_549300HFEHJOXGE4ZE63.CON__2025-06-30.json: 194,808 bytes
reports/rs_549300HFEHJOXGE4ZE63.CON__2026-03-31.json: 29,913 bytes
reports/rs_549300HUKIA1IZQHFZ83.IND__2025-06-30.json: 8,295 bytes
reports/rs_549300HFEHJOXGE4ZE63.CON__2025-12-31.json: 248,973 bytes
reports/rs_549300HUKIA1IZQHFZ83.IND__2025-12-31.json: 204,076 bytes
reports/rs_549300HFEHJOXGE4ZE63.CON__2025-09-30.json: 28,835 bytes
reports/rs_549300IQZVZ949N37S44.CON__2025-09-30.json: 23,237 bytes
reports/rs_549300IQZVZ949N37S44.CON__2025-06-30.json: 77,996 bytes
reports/rs_549300IRGNL8Q3O8Y413.IND__2025-12-31.json: 142,199 bytes
reports/rs_549300IQZVZ949N37S44.CON__2025-12-31.json: 110,980 bytes
reports/rs_549300J0GSZ83GTKBZ89.CON__2025-06-30.json: 797 bytes
reports/rs_549300J0GSZ83GTKBZ89.CON__2025-12-31.json: 90,035 bytes
reports/rs_549300JB1P61FUTPEZ75.CON__2025-09-30.json: 40,525 bytes
reports/rs_549300JB1P61FUTPEZ75.CON__2025-06-30.json: 241,656 bytes
reports/rs_549300JB1P61FUTPEZ75.CON__2026-03-31.json: 39,915 bytes
reports/rs_549300JB1P61FUTPEZ75.CON__2025-12-31.json: 332,091 bytes
reports/rs_549300JSC82O1L4XV837.CON__2025-12-31.json: 148,540 bytes
reports/rs_549300JECLPX13NZLU57.CON__2025-12-31.json: 122,645 bytes
reports/rs_549300KOORG6SN9LMO68.IND__2025-12-31.json: 49,412 bytes
reports/rs_549300L7YCATGO57ZE10.CON__2025-09-30.json: 25,244 bytes
reports/rs_549300L1IEXJYJ2NUV45.IND__2025-12-31.json: 43,882 bytes
reports/rs_549300L7YCATGO57ZE10.CON__2025-06-30.json: 155,349 bytes
reports/rs_549300L7YCATGO57ZE10.CON__2025-12-31.json: 183,750 bytes
reports/rs_549300L7YCATGO57ZE10.CON__2026-03-31.json: 22,854 bytes
reports/rs_549300LYFYVPUCG6SY25.CON__2025-12-31.json: 196,194 bytes
reports/rs_549300M2IHOB9P5WE714.IND__2025-12-31.json: 43,255 bytes
reports/rs_549300M6HRHPF3NQBP83.IND__2025-12-31.json: 82,817 bytes
reports/rs_549300MM2G2LFEPR2M50.IND__2025-12-31.json: 70,501 bytes
reports/rs_549300ND1MQ8SNNYMJ22.CON__2025-06-30.json: 6,396 bytes
reports/rs_549300MSY5NIVC0BME80.CON__2025-06-30.json: 12,096 bytes
reports/rs_549300ND1MQ8SNNYMJ22.CON__2025-12-31.json: 90,482 bytes
reports/rs_549300NYKK9MWM7GGW15.CON__2025-09-30.json: 44,893 bytes
reports/rs_549300NYKK9MWM7GGW15.CON__2025-06-30.json: 609,910 bytes
reports/rs_549300O3HXYXXUHR0897.CON__2025-06-30.json: 7,318 bytes
reports/rs_549300O2UN9JLME31F08.IND__2025-12-31.json: 79,785 bytes
reports/rs_549300NYKK9MWM7GGW15.CON__2026-03-31.json: 46,812 bytes
reports/rs_549300O3HXYXXUHR0897.CON__2025-12-31.json: 98,446 bytes
reports/rs_549300NYKK9MWM7GGW15.CON__2025-12-31.json: 744,444 bytes
reports/rs_549300OLBL49CW8CT155.CON__2025-09-30.json: 30,767 bytes
reports/rs_549300OL514RA0SXJJ44.IND__2025-12-31.json: 144,256 bytes
reports/rs_549300OLBL49CW8CT155.CON__2025-12-31.json: 286,658 bytes
reports/rs_549300OMTXWX1144LP69.IND__2025-12-31.json: 24,122 bytes
reports/rs_549300OLBL49CW8CT155.CON__2025-06-30.json: 232,322 bytes
reports/rs_549300OLBL49CW8CT155.CON__2026-03-31.json: 30,884 bytes
reports/rs_549300Q3OIWRHQUQM052.CON__2025-12-31.json: 237,375 bytes
reports/rs_549300PZMFIQR79Q0T97.CON__2026-03-31.json: 28,416 bytes
reports/rs_549300Q3OIWRHQUQM052.CON__2026-03-31.json: 31,045 bytes
reports/rs_549300PZMFIQR79Q0T97.CON__2025-12-31.json: 238,885 bytes
reports/rs_549300RFKNCOX56F8591.CON__2025-06-30.json: 403,619 bytes
reports/rs_549300RFKNCOX56F8591.CON__2025-09-30.json: 36,221 bytes
reports/rs_549300RG3H390KEL8896.CON__2025-09-30.json: 32,534 bytes
reports/rs_549300RFKNCOX56F8591.CON__2025-12-31.json: 483,180 bytes
reports/rs_549300RFKNCOX56F8591.CON__2026-03-31.json: 86,671 bytes
reports/rs_549300S2T3FWVVXWJI89.CON__2025-09-30.json: 36,707 bytes
reports/rs_549300RMML7KXP6M1Y98.IND__2025-12-31.json: 71,374 bytes
reports/rs_549300RG3H390KEL8896.CON__2025-12-31.json: 322,588 bytes
reports/rs_549300RG3H390KEL8896.CON__2025-06-30.json: 277,754 bytes
reports/rs_549300S2T3FWVVXWJI89.CON__2025-06-30.json: 182,021 bytes
reports/rs_549300SBPFE9JX7N8J82.IND__2025-06-30.json: 7,385 bytes
reports/rs_549300S2T3FWVVXWJI89.CON__2025-12-31.json: 201,667 bytes
reports/rs_549300SXM92LQ05OJQ76.CON__2025-06-30.json: 50,028 bytes
reports/rs_549300S2T3FWVVXWJI89.CON__2026-03-31.json: 37,283 bytes
reports/rs_549300SBPFE9JX7N8J82.IND__2025-12-31.json: 89,519 bytes
reports/rs_549300SGF4BS54YG8M65.CON__2025-12-31.json: 42,117 bytes
reports/rs_549300TEJKOLFN65KR76.IND__2025-12-31.json: 192,323 bytes
reports/rs_549300TDPXT0OW2AY198.CON__2025-12-31.json: 31,328 bytes
reports/rs_549300TK038P6EV4YU51.CON__2025-12-31.json: 221,786 bytes
reports/rs_549300SXM92LQ05OJQ76.CON__2025-12-31.json: 138,225 bytes
reports/rs_549300TJREQ7GHIXWR36.IND__2025-06-30.json: 38,914 bytes
reports/rs_549300TJREQ7GHIXWR36.IND__2025-09-30.json: 9,824 bytes
reports/rs_549300TJREQ7GHIXWR36.IND__2025-12-31.json: 56,610 bytes
reports/rs_549300TK038P6EV4YU51.CON__2026-03-31.json: 22,801 bytes
reports/rs_549300TLZPT6JELDWM92.CON__2025-12-31.json: 84,509 bytes
reports/rs_549300TL5406IC1XKD09.CON__2025-12-31.json: 144,641 bytes
reports/rs_549300TJREQ7GHIXWR36.IND__2026-03-31.json: 11,384 bytes
reports/rs_549300TLZPT6JELDWM92.CON__2026-03-31.json: 21,026 bytes
reports/rs_549300TRUWO2CD2G5692.CON__2025-06-30.json: 418,779 bytes
reports/rs_549300TRUWO2CD2G5692.CON__2026-03-31.json: 40,153 bytes
reports/rs_549300TTZTKBUFKWH890.CON__2025-12-31.json: 99,300 bytes
reports/rs_549300TRUWO2CD2G5692.CON__2025-09-30.json: 39,781 bytes
reports/rs_549300U4LIZV0REEQQ46.CON__2025-06-30.json: 126,951 bytes
reports/rs_549300TRUWO2CD2G5692.CON__2025-12-31.json: 580,468 bytes
reports/rs_549300U4LIZV0REEQQ46.CON__2025-09-30.json: 31,904 bytes
reports/rs_549300U4LIZV0REEQQ46.CON__2026-03-31.json: 32,436 bytes
reports/rs_549300UOX05QGUJJ5707.IND__2025-06-30.json: 8,555 bytes
reports/rs_549300U4LIZV0REEQQ46.CON__2025-12-31.json: 195,906 bytes
reports/rs_549300UOX05QGUJJ5707.IND__2025-12-31.json: 105,462 bytes
reports/rs_549300UARE5MHTBUPJ19.CON__2025-12-31.json: 219,957 bytes
reports/rs_549300URJH9VSI58CS32.CON__2025-06-30.json: 141,372 bytes
reports/rs_549300UY81ESCZJ0GR95.CON__2025-09-30.json: 23,066 bytes
reports/rs_549300UY81ESCZJ0GR95.CON__2025-06-30.json: 219,111 bytes
reports/rs_549300UY81ESCZJ0GR95.CON__2026-03-31.json: 23,954 bytes
reports/rs_549300UY81ESCZJ0GR95.CON__2025-12-31.json: 269,732 bytes
reports/rs_549300V1VN70Q7PQ7234.CON__2025-06-30.json: 109,443 bytes
reports/rs_549300V1VN70Q7PQ7234.CON__2025-09-30.json: 26,349 bytes
reports/rs_549300URJH9VSI58CS32.CON__2025-12-31.json: 397,543 bytes
reports/rs_549300VRM6G42M8OWN49.CON__2025-06-30.json: 4,153 bytes
reports/rs_549300V4H4USWZUCE073.IND__2025-12-31.json: 65,268 bytes
reports/rs_549300V1VN70Q7PQ7234.CON__2025-12-31.json: 136,850 bytes
reports/rs_549300WDT1HWUMTUW770.IND__2025-06-30.json: 11,406 bytes
reports/rs_549300VRM6G42M8OWN49.CON__2025-12-31.json: 201,361 bytes
reports/rs_549300WDT1HWUMTUW770.IND__2025-12-31.json: 32,745 bytes
reports/rs_549300X34UUBDEUL1Z91.CON__2025-06-30.json: 251,353 bytes
reports/rs_549300YW95G1VBBGGV07.CON__2025-06-30.json: 7,630 bytes
reports/rs_549300YV6LXRPJO3U576.IND__2025-12-31.json: 16,296 bytes
reports/rs_549300XGJX6FOWLOI640.IND__2025-12-31.json: 105,566 bytes
reports/rs_549300X34UUBDEUL1Z91.CON__2025-12-31.json: 220,297 bytes
reports/rs_549300YW95G1VBBGGV07.CON__2025-12-31.json: 101,339 bytes
reports/rs_549300XWJHRKLHU2PS28.CON__2025-12-31.json: 430,390 bytes
reports/rs_549300Z7V2WOFIMUEK50.CON__2025-06-30.json: 11,217 bytes
reports/rs_549300Z7V2WOFIMUEK50.CON__2025-12-31.json: 316,698 bytes
reports/rs_549300ZEF3QWM810M319.IND__2025-12-31.json: 83,378 bytes
reports/rs_549300ZHFZ4CSK7VS460.CON__2025-06-30.json: 24,018 bytes
reports/rs_549300ZBZQ6M21ZGGY79.IND__2025-12-31.json: 24,652 bytes
reports/rs_549300ZK53CNGEEI6A29.IND__2025-09-30.json: 1,669 bytes
reports/rs_549300ZOE0EU2VKF6M35.IND__2025-12-31.json: 15,672 bytes
reports/rs_549300ZK53CNGEEI6A29.IND__2025-06-30.json: 10,403 bytes
reports/rs_549300ZHFZ4CSK7VS460.CON__2025-12-31.json: 676,798 bytes
reports/rs_5967007LIEEXZX51WW28.CON__2025-12-31.json: 86,447 bytes
reports/rs_549300ZK53CNGEEI6A29.IND__2025-12-31.json: 230,127 bytes
reports/rs_5967007LIEEXZX5PU005.CON__2025-06-30.json: 3,114 bytes
reports/rs_5967007LIEEXZX5PU005.CON__2025-12-31.json: 76,613 bytes
reports/rs_5967007LIEEXZX659K67.IND__2025-12-31.json: 24,134 bytes
reports/rs_5967007LIEEXZX659K67.IND__2026-03-31.json: 8,905 bytes
reports/rs_5967007LIEEXZX76AW36.CON__2025-12-31.json: 63,143 bytes
reports/rs_5967007LIEEXZX8UHK11.CON__2025-12-31.json: 67,884 bytes
reports/rs_635400AKJBGNS5WNQL34.CON__2025-09-30.json: 35,681 bytes
reports/rs_5UMCZOEYKCVFAW8ZLO05.CON__2026-03-31.json: 32,016 bytes
reports/rs_5UMCZOEYKCVFAW8ZLO05.CON__2025-06-30.json: 290,126 bytes
reports/rs_635400AKJBGNS5WNQL34.CON__2025-06-30.json: 240,534 bytes
reports/rs_5UMCZOEYKCVFAW8ZLO05.CON__2025-12-31.json: 304,529 bytes
reports/rs_635400AKJBGNS5WNQL34.CON__2025-12-31.json: 312,430 bytes
reports/rs_635400AKJBGNS5WNQL34.CON__2026-03-31.json: 36,753 bytes
reports/rs_635400C8EK6DRI12LJ39.CON__2025-09-30.json: 41,286 bytes
reports/rs_635400C8EK6DRI12LJ39.CON__2026-03-31.json: 42,077 bytes
reports/rs_635400C8EK6DRI12LJ39.CON__2025-06-30.json: 424,988 bytes
reports/rs_635400DTNHVYGZODKQ93.CON__2025-09-30.json: 39,813 bytes
reports/rs_635400C8EK6DRI12LJ39.CON__2025-12-31.json: 543,109 bytes
reports/rs_635400DTNHVYGZODKQ93.CON__2026-03-31.json: 40,048 bytes
reports/rs_635400JLGKETPVVGPW53.CON__2025-12-31.json: 67,076 bytes
reports/rs_635400F6HLXKXNJJX605.IND__2025-12-31.json: 267,183 bytes
reports/rs_635400F6HLXKXNJJX605.IND__2025-06-30.json: 57,845 bytes
reports/rs_635400L14KNHZXPUZM19.CON__2025-09-30.json: 28,515 bytes
reports/rs_635400L14KNHZXPUZM19.CON__2025-06-30.json: 258,701 bytes
reports/rs_6TJCK1B7E7UTXP528Y04.IND__2025-09-30.json: 1,922 bytes
reports/rs_635400L14KNHZXPUZM19.CON__2026-03-31.json: 29,047 bytes
reports/rs_6TJCK1B7E7UTXP528Y04.IND__2025-06-30.json: 10,077 bytes
reports/rs_635400LCCIYHUL6ELA34.CON__2025-12-31.json: 36,264 bytes
reports/rs_635400L14KNHZXPUZM19.CON__2025-12-31.json: 372,593 bytes
reports/rs_6TJCK1B7E7UTXP528Y04.IND__2025-12-31.json: 203,898 bytes
reports/rs_724500AG21Z9GIJE4735.CON__2025-12-31.json: 21,036 bytes
reports/rs_724500A1FNICHSDF2I11.CON__2025-12-31.json: 155,326 bytes
reports/rs_724500973ODKK3IFQ447.CON__2025-12-31.json: 97,749 bytes
reports/rs_724500AH42V5X8BCPE49.CON__2025-06-30.json: 7,252 bytes
reports/rs_724500A1FNICHSDF2I11.CON__2025-06-30.json: 120,030 bytes
reports/rs_724500BICUQ0LF1AH770.CON__2025-12-31.json: 35,867 bytes
reports/rs_724500D8WOYCL1BUCB80.CON__2025-12-31.json: 141,484 bytes
reports/rs_724500JIWG886A9RRT57.CON__2025-06-30.json: 112,508 bytes
reports/rs_724500JIWG886A9RRT57.CON__2025-09-30.json: 32,977 bytes
reports/rs_724500JIWG886A9RRT57.CON__2025-12-31.json: 129,974 bytes
reports/rs_724500M4G9AVEMHMV291.CON__2025-12-31.json: 72,521 bytes
reports/rs_724500PMK2A2M1SQQ228.CON__2025-12-31.json: 156,895 bytes
reports/rs_724500ZNT2I60RYZQI38.IND__2025-12-31.json: 63,672 bytes
reports/rs_7437003B5WFBOIEFY714.CON__2025-06-30.json: 179,545 bytes
reports/rs_724500SF1CI8OD5AHI07.CON__2025-12-31.json: 152,048 bytes
reports/rs_7437003B5WFBOIEFY714.CON__2025-12-31.json: 179,819 bytes
reports/rs_7437003B5WFBOIEFY714.CON__2025-09-30.json: 24,679 bytes
reports/rs_7437003B5WFBOIEFY714.CON__2026-03-31.json: 24,296 bytes
reports/rs_7437005892K69S3MW344.CON__2025-06-30.json: 8,653 bytes
reports/rs_743700FTBNXAUN57RH30.CON__2025-06-30.json: 3,880 bytes
reports/rs_7437005892K69S3MW344.CON__2025-12-31.json: 115,622 bytes
reports/rs_743700FTBNXAUN57RH30.CON__2025-12-31.json: 107,848 bytes
reports/rs_7437006WYM821IJ3MN73.CON__2025-12-31.json: 235,956 bytes
reports/rs_743700GC62JLHFBUND16.CON__2025-12-31.json: 203,142 bytes
reports/rs_747DLM6L5TO7LXZY5T60.IND__2025-10-31.json: 68,388 bytes
reports/rs_743700PW2HDTPU3YRJ31.CON__2025-12-31.json: 116,326 bytes
reports/rs_7CUNS533WID6K7DGFI87.CON__2025-09-30.json: 36,478 bytes
reports/rs_7CUNS533WID6K7DGFI87.CON__2025-06-30.json: 297,133 bytes
reports/rs_7CUNS533WID6K7DGFI87.CON__2026-03-31.json: 37,543 bytes
reports/rs_7LTWFZYICNSX8D621K86.CON__2025-09-30.json: 50,067 bytes
reports/rs_7LTWFZYICNSX8D621K86.CON__2025-06-30.json: 419,241 bytes
reports/rs_7LTWFZYICNSX8D621K86.CON__2026-03-31.json: 51,791 bytes
reports/rs_7CUNS533WID6K7DGFI87.CON__2025-12-31.json: 372,274 bytes
reports/rs_7LVZJ6XRIE7VNZ4UBX81.CON__2025-06-30.json: 207,809 bytes
reports/rs_7LVZJ6XRIE7VNZ4UBX81.CON__2025-09-30.json: 26,444 bytes
reports/rs_7LTWFZYICNSX8D621K86.CON__2025-12-31.json: 851,470 bytes
reports/rs_7LVZJ6XRIE7VNZ4UBX81.CON__2025-12-31.json: 255,944 bytes
reports/rs_81560017C4A61A529235.IND__2025-12-31.json: 33,361 bytes
reports/rs_7V6Z97IO7R1SEAO84Q32.CON__2025-12-31.json: 131,699 bytes
reports/rs_81560035485BD7DB3590.IND__2025-12-31.json: 26,435 bytes
reports/rs_81560027D07F9BDB8436.CON__2025-12-31.json: 53,511 bytes
reports/rs_8156003D79D064FB5360.IND__2025-12-31.json: 28,582 bytes
reports/rs_81560051AAE0E0F10021.IND__2025-12-31.json: 4,118 bytes
reports/rs_8156004BBB6E6B9B6F10.IND__2025-12-31.json: 38,491 bytes
reports/rs_8156003A4FB445454553.CON__2025-12-31.json: 57,100 bytes
reports/rs_8156005420362AE59184.CON__2025-06-30.json: 7,406 bytes
reports/rs_81560062CEAE87A85C80.CON__2025-12-31.json: 93,938 bytes
reports/rs_815600722FAEE18D6013.CON__2025-12-31.json: 42,798 bytes
reports/rs_8156005C22D0BF134C40.IND__2025-12-31.json: 32,612 bytes
reports/rs_81560064085A02B2B297.CON__2025-12-31.json: 113,071 bytes
reports/rs_8156007C053DC07AC307.IND__2025-12-31.json: 31,143 bytes
reports/rs_8156005420362AE59184.CON__2025-12-31.json: 176,060 bytes
reports/rs_8156007D348794DB1690.CON__2025-06-30.json: 95,892 bytes
reports/rs_8156007D348794DB1690.CON__2025-09-30.json: 33,675 bytes
reports/rs_8156007D348794DB1690.CON__2025-12-31.json: 134,778 bytes
reports/rs_8156008FC57F3F707049.CON__2025-12-31.json: 55,745 bytes
reports/rs_8156008B43CE788F4932.CON__2025-12-31.json: 42,248 bytes
reports/rs_815600848DEFE160E913.CON__2025-12-31.json: 44,790 bytes
reports/rs_815600903231FA2E7698.CON__2025-06-30.json: 7,314 bytes
reports/rs_815600A029117B20DD63.CON__2025-06-30.json: 7,111 bytes
reports/rs_815600903231FA2E7698.CON__2025-12-31.json: 225,801 bytes
reports/rs_8156009F9B6BB7745A32.CON__2025-12-31.json: 30,305 bytes
reports/rs_815600A32DA05F693F24.CON__2025-12-31.json: 37,918 bytes
reports/rs_815600AD83B2B6317788.CON__2025-06-30.json: 316,076 bytes
reports/rs_815600914B5015427B51.IND__2025-12-31.json: 131,470 bytes
reports/rs_815600AD83B2B6317788.CON__2025-09-30.json: 36,822 bytes
reports/rs_815600AD83B2B6317788.CON__2026-03-31.json: 37,584 bytes
reports/rs_815600B43BECA3919584.IND__2025-12-31.json: 31,595 bytes
reports/rs_815600B5C61A10BBB451.CON__2025-12-31.json: 87,272 bytes
reports/rs_815600B6B356EC776E54.IND__2025-12-31.json: 49,654 bytes
reports/rs_815600AD83B2B6317788.CON__2025-12-31.json: 420,562 bytes
reports/rs_815600BEE9123CD92E12.CON__2025-12-31.json: 37,437 bytes
reports/rs_815600DDCE9083CAC598.IND__2025-06-30.json: 159,172 bytes
reports/rs_815600DDCE9083CAC598.IND__2025-12-31.json: 191,501 bytes
reports/rs_815600E4E6DCD2D25E30.CON__2025-09-30.json: 42,048 bytes
reports/rs_815600E4E6DCD2D25E30.CON__2025-06-30.json: 403,108 bytes
reports/rs_815600F24AE25C9D1B94.CON__2025-12-31.json: 138,395 bytes
reports/rs_815600E4E6DCD2D25E30.CON__2026-03-31.json: 42,567 bytes
reports/rs_851WYGNLUQLFZBSYGB56.CON__2025-06-30.json: 486,383 bytes
reports/rs_815600E4E6DCD2D25E30.CON__2025-12-31.json: 522,135 bytes
reports/rs_815600FDD3EB3EA03194.CON__2025-12-31.json: 37,574 bytes
reports/rs_851WYGNLUQLFZBSYGB56.CON__2025-09-30.json: 44,974 bytes
reports/rs_851WYGNLUQLFZBSYGB56.CON__2026-03-31.json: 46,526 bytes
reports/rs_8IBZUGJ7JPLH368JE346.IND__2025-06-30.json: 14,491 bytes
reports/rs_8IBZUGJ7JPLH368JE346.IND__2025-09-30.json: 1,909 bytes
reports/rs_894500N55FUZ70ZQ1784.CON__2025-12-31.json: 191,599 bytes
reports/rs_8IBZUGJ7JPLH368JE346.IND__2025-12-31.json: 180,729 bytes
reports/rs_851WYGNLUQLFZBSYGB56.CON__2025-12-31.json: 647,306 bytes
reports/rs_8IBZUGJ7JPLH368JE346.IND__2026-03-31.json: 24,950 bytes
reports/rs_95980020140005012943.CON__2025-12-31.json: 56,077 bytes
reports/rs_95980020140005220135.IND__2025-06-30.json: 10,771 bytes
reports/rs_95980020140005219553.IND__2025-12-31.json: 60,849 bytes
reports/rs_95980020140005220135.IND__2025-12-31.json: 188,355 bytes
reports/rs_95980020140005439549.IND__2025-06-30.json: 1,424 bytes
reports/rs_95980020140005375335.CON__2025-12-31.json: 66,123 bytes
reports/rs_95980020140005439549.IND__2025-12-31.json: 183,007 bytes
reports/rs_95980020140005484654.CON__2025-06-30.json: 11,440 bytes
reports/rs_95980020140005552166.CON__2025-06-30.json: 11,455 bytes
reports/rs_95980020140005658381.IND__2025-06-30.json: 101,890 bytes
reports/rs_95980020140005484654.CON__2025-12-31.json: 253,948 bytes
reports/rs_95980020140005552166.CON__2025-12-31.json: 224,732 bytes
reports/rs_95980020140005658381.IND__2025-12-31.json: 41,539 bytes
reports/rs_95980020140005881190.CON__2025-09-30.json: 29,513 bytes
reports/rs_95980020140005881190.CON__2025-06-30.json: 372,252 bytes
reports/rs_95980020140005881190.CON__2026-03-31.json: 29,692 bytes
reports/rs_9598002AYDQER7DXLR16.CON__2025-06-30.json: 9,009 bytes
reports/rs_95980020140005881190.CON__2025-12-31.json: 388,623 bytes
reports/rs_959800LQ598A5RQASA61.CON__2025-06-30.json: 21,855 bytes
reports/rs_959800LQ598A5RQASA61.CON__2026-03-31.json: 539 bytes
reports/rs_959800LQ598A5RQASA61.CON__2025-09-30.json: 538 bytes
reports/rs_959800VHSP2QBPNRF210.IND__2025-12-31.json: 31,147 bytes
reports/rs_959800R86KE31EAVRC30.CON__2025-12-31.json: 174,418 bytes
reports/rs_959800LQ598A5RQASA61.CON__2025-12-31.json: 152,351 bytes
reports/rs_9695000CG7B84NLR5984.CON__2025-06-30.json: 50,239 bytes
reports/rs_96950001WI712W7PQG45.CON__2025-06-30.json: 364,346 bytes
reports/rs_9695002JOWSRCLLLNY11.CON__2025-12-31.json: 68,938 bytes
reports/rs_9695000CG7B84NLR5984.CON__2025-12-31.json: 477,803 bytes
reports/rs_96950001WI712W7PQG45.CON__2025-12-31.json: 309,784 bytes
reports/rs_9695002K2HDLD20JU790.CON__2025-06-30.json: 10,854 bytes
reports/rs_96950041VJ1QP0B69503.CON__2025-06-30.json: 219,851 bytes
reports/rs_9695002K2HDLD20JU790.CON__2025-12-31.json: 155,285 bytes
reports/rs_96950041VJ1QP0B69503.CON__2025-09-30.json: 28,469 bytes
reports/rs_96950041VJ1QP0B69503.CON__2026-03-31.json: 28,387 bytes
reports/rs_9695007EQZDL89LUW373.CON__2025-12-31.json: 17,945 bytes
reports/rs_96950041VJ1QP0B69503.CON__2025-12-31.json: 284,685 bytes
reports/rs_969500A4IPKVUBH3CA90.CON__2025-12-31.json: 10,143 bytes
reports/rs_969500A3Y5KTGJEMDZ32.CON__2026-03-31.json: 25,202 bytes
reports/rs_969500A9SZ8YP1810S21.CON__2025-12-31.json: 104,064 bytes
reports/rs_969500AGACQ54Q3UF243.CON__2025-06-30.json: 39,775 bytes
reports/rs_969500B5DNR7Q1ACGD23.CON__2026-03-31.json: 28,768 bytes
reports/rs_969500CJCTMI93QJKK89.CON__2025-12-31.json: 47,531 bytes
reports/rs_969500EYG6U339D3TI84.CON__2025-06-30.json: 92,656 bytes
reports/rs_969500EYG6U339D3TI84.CON__2025-12-31.json: 126,571 bytes
reports/rs_969500F3KYDJBFS4XM73.IND__2025-12-31.json: 18,741 bytes
reports/rs_969500EVOBAGHKZEXA33.CON__2025-12-31.json: 160,858 bytes
reports/rs_969500FF9M4SBM5VHR15.CON__2026-03-31.json: 25,707 bytes
reports/rs_969500FF9M4SBM5VHR15.CON__2025-09-30.json: 22,817 bytes
reports/rs_969500FYEXW795NPJO79.CON__2026-03-31.json: 24,956 bytes
reports/rs_969500GVS02SJYG9S632.CON__2025-12-31.json: 134,746 bytes
reports/rs_969500LFTDNMONT2EP08.CON__2025-09-30.json: 29,974 bytes
reports/rs_969500JJWO4PQG0R1C58.CON__2025-12-31.json: 156,383 bytes
reports/rs_969500LFTDNMONT2EP08.CON__2025-06-30.json: 392,316 bytes
reports/rs_969500JM7VIGQIPZOL49.CON__2025-12-31.json: 150,273 bytes
reports/rs_969500LFTDNMONT2EP08.CON__2026-03-31.json: 30,169 bytes
reports/rs_969500LFTDNMONT2EP08.CON__2025-12-31.json: 472,346 bytes
reports/rs_969500ORP9FTJYI28L37.CON__2025-06-30.json: 49,641 bytes
reports/rs_969500PI25OKPKTD9364.CON__2026-03-31.json: 23,608 bytes
reports/rs_969500STN7T9MRUMJ267.CON__2025-06-30.json: 60,640 bytes
reports/rs_969500SJXM8MW32ZVG75.CON__2025-12-31.json: 128,947 bytes
reports/rs_969500STN7T9MRUMJ267.CON__2025-12-31.json: 332,548 bytes
reports/rs_969500VHT1ZNPVWOYF63.CON__2025-06-30.json: 10,238 bytes
reports/rs_969500TU5ZMYBIWP0R51.CON__2025-12-31.json: 140,781 bytes
reports/rs_969500VHT1ZNPVWOYF63.CON__2025-12-31.json: 269,805 bytes
reports/rs_969500VR2NA6ANMTXH21.CON__2025-12-31.json: 141,930 bytes
reports/rs_969500W8SBCXNX1DG443.CON__2025-12-31.json: 149,497 bytes
reports/rs_969500W34S6NCZWYBV47.CON__2025-12-31.json: 143,467 bytes
reports/rs_9845006BAF66DZ35C849.CON__2025-12-31.json: 32,979 bytes
reports/rs_969500WJ4V0WNG8Q5L42.CON__2025-06-30.json: 43,834 bytes
reports/rs_969500WFZ7C2IBN9TB80.CON__2025-12-31.json: 118,465 bytes
reports/rs_969500X8MO6M37C47827.CON__2025-06-30.json: 39,844 bytes
reports/rs_9845009BE414FBF82130.CON__2025-12-31.json: 22,303 bytes
reports/rs_9845006C7B5CC707X660.CON__2025-06-30.json: 9,608 bytes
reports/rs_984500ADEE3DE4F14F51.IND__2025-12-31.json: 24,398 bytes
reports/rs_9CZ7TVMR36CYD5TZBS50.CON__2025-09-30.json: 37,626 bytes
reports/rs_984500E4D07499C10435.CON__2025-12-31.json: 210,573 bytes
reports/rs_9CZ7TVMR36CYD5TZBS50.CON__2026-03-31.json: 40,366 bytes
reports/rs_9CZ7TVMR36CYD5TZBS50.CON__2025-06-30.json: 368,584 bytes
reports/rs_9CZ7TVMR36CYD5TZBS50.CON__2025-12-31.json: 474,741 bytes
reports/rs_9KOGW2C2FCIOJQ7FF485.CON__2025-09-30.json: 25,549 bytes
reports/rs_9KOGW2C2FCIOJQ7FF485.CON__2025-06-30.json: 134,993 bytes
reports/rs_9KOGW2C2FCIOJQ7FF485.CON__2026-03-31.json: 24,031 bytes
reports/rs_9ZHRYM6F437SQJ6OUG95.CON__2025-06-30.json: 504,198 bytes
reports/rs_9ZHRYM6F437SQJ6OUG95.CON__2025-09-30.json: 45,289 bytes
reports/rs_A5GWLFH3KM7YV2SFQL84.CON__2025-06-30.json: 194,009 bytes
reports/rs_A5GWLFH3KM7YV2SFQL84.CON__2025-09-30.json: 36,068 bytes
reports/rs_9KOGW2C2FCIOJQ7FF485.CON__2025-12-31.json: 176,719 bytes
reports/rs_9ZHRYM6F437SQJ6OUG95.CON__2025-12-31.json: 577,424 bytes
reports/rs_A5GWLFH3KM7YV2SFQL84.CON__2026-03-31.json: 37,543 bytes
reports/rs_A5GWLFH3KM7YV2SFQL84.CON__2025-12-31.json: 273,868 bytes
reports/rs_BB3BGO3LCED63R8R9R41.CON__2025-12-31.json: 161,338 bytes
reports/rs_B81CK4ESI35472RHJ606.CON__2026-03-31.json: 45,291 bytes
reports/rs_AT0000000000043000VB.CON__2025-12-31.json: 395,683 bytes
reports/rs_B64D6Y3LBJS4ANNPCU93.CON__2025-12-31.json: 231,365 bytes
reports/rs_BFXS5XCH7N0Y05NIXW11.CON__2025-09-30.json: 27,025 bytes
reports/rs_BFXS5XCH7N0Y05NIXW11.CON__2025-06-30.json: 301,002 bytes
reports/rs_BFXS5XCH7N0Y05NIXW11.CON__2026-03-31.json: 42,981 bytes
reports/rs_BFXS5XCH7N0Y05NIXW11.CON__2025-12-31.json: 307,785 bytes
reports/rs_D1HEB8VEU6D9M8ZUXG17.CON__2025-06-30.json: 134,785 bytes
reports/rs_CXUHEGU3MADZ2CEV7C11.CON__2025-12-31.json: 224,550 bytes
reports/rs_D1HEB8VEU6D9M8ZUXG17.CON__2025-09-30.json: 25,848 bytes
reports/rs_D1HEB8VEU6D9M8ZUXG17.CON__2026-03-31.json: 26,550 bytes
reports/rs_D1HEB8VEU6D9M8ZUXG17.CON__2025-12-31.json: 183,938 bytes
reports/rs_DG3RU1DBUFHT4ZF9WN62.CON__2026-03-31.json: 37,670 bytes
reports/rs_DG3RU1DBUFHT4ZF9WN62.CON__2025-12-31.json: 359,767 bytes
reports/rs_DIZES5CFO5K3I5R58746.CON__2025-09-30.json: 44,821 bytes
reports/rs_DIZES5CFO5K3I5R58746.CON__2026-03-31.json: 43,344 bytes
reports/rs_DIZES5CFO5K3I5R58746.CON__2025-06-30.json: 476,641 bytes
reports/rs_DIZES5CFO5K3I5R58746.CON__2025-12-31.json: 510,789 bytes
reports/rs_DSNHHQ2B9X5N6OUJ1236.CON__2026-03-31.json: 36,042 bytes
reports/rs_DSNHHQ2B9X5N6OUJ1236.CON__2025-12-31.json: 411,320 bytes
reports/rs_DZZ47B9A52ZJ6LT6VV95.CON__2025-09-30.json: 36,281 bytes
reports/rs_DZZ47B9A52ZJ6LT6VV95.CON__2025-12-31.json: 196,696 bytes
reports/rs_DZZ47B9A52ZJ6LT6VV95.CON__2026-03-31.json: 34,388 bytes
reports/rs_EQYXK86SF381Q21S3020.IND__2025-06-30.json: 11,595 bytes
reports/rs_DZZ47B9A52ZJ6LT6VV95.CON__2025-06-30.json: 255,060 bytes
reports/rs_EQYXK86SF381Q21S3020.IND__2025-09-30.json: 2,157 bytes
reports/rs_EV2XZWMLLXF2QRX0CD47.CON__2025-12-31.json: 74,616 bytes
reports/rs_EV2XZWMLLXF2QRX0CD47.CON__2026-03-31.json: 21,813 bytes
reports/rs_EQYXK86SF381Q21S3020.IND__2025-12-31.json: 192,373 bytes
reports/rs_EV2XZWMLLXF2QRX0CD47.CON__2025-09-30.json: 20,493 bytes
reports/rs_EV2XZWMLLXF2QRX0CD47.CON__2025-06-30.json: 64,147 bytes
reports/rs_F3JS33DEI6XQ4ZBPTN86.CON__2025-09-30.json: 42,263 bytes
reports/rs_F3JS33DEI6XQ4ZBPTN86.CON__2026-03-31.json: 38,833 bytes
reports/rs_F0HUI1NY1AZMJMD8LP67.CON__2025-06-30.json: 555,369 bytes
reports/rs_F3JS33DEI6XQ4ZBPTN86.CON__2025-06-30.json: 350,677 bytes
reports/rs_F3JS33DEI6XQ4ZBPTN86.CON__2025-12-31.json: 437,794 bytes
reports/rs_FR9695005MSX1OYEMGDF.CON__2025-06-30.json: 451,155 bytes
reports/rs_F0HUI1NY1AZMJMD8LP67.CON__2025-12-31.json: 549,887 bytes
reports/rs_FR9695005MSX1OYEMGDF.CON__2025-09-30.json: 26,003 bytes
reports/rs_FR9695005MSX1OYEMGDF.CON__2026-03-31.json: 51,630 bytes
reports/rs_FR9695005MSX1OYEMGDF.CON__2025-12-31.json: 677,475 bytes
reports/rs_FR969500TJ5KRTCJQWXH.CON__2025-06-30.json: 86,262 bytes
reports/rs_FR969500TJ5KRTCJQWXH.CON__2025-12-31.json: 92,386 bytes
reports/rs_G8ZTNESVNKW4NN761W05.CON__2025-06-30.json: 3,812 bytes
reports/rs_G8ZTNESVNKW4NN761W05.CON__2025-12-31.json: 64,810 bytes
reports/rs_GDI8P8WHFH4PS5YTU851.CON__2025-06-30.json: 7,111 bytes
reports/rs_GDI8P8WHFH4PS5YTU851.CON__2025-12-31.json: 106,240 bytes
reports/rs_GP5DT10VX1QRQUKVBK64.CON__2026-03-31.json: 35,057 bytes
reports/rs_H0YX5LBGKDVOWCXBZ594.CON__2025-09-30.json: 29,680 bytes
reports/rs_H0YX5LBGKDVOWCXBZ594.CON__2025-06-30.json: 94,005 bytes
reports/rs_H0YX5LBGKDVOWCXBZ594.CON__2025-12-31.json: 127,719 bytes
reports/rs_H0YX5LBGKDVOWCXBZ594.CON__2026-03-31.json: 30,423 bytes
reports/rs_H8MIG1MMPR6JXUQVBM04.IND__2025-12-31.json: 43,693 bytes
reports/rs_GTQYZJON3I7SXRNJTT73.IND__2025-12-31.json: 114,991 bytes
reports/rs_I6SS27Q1Q3385V753S50.IND__2025-09-30.json: 16,002 bytes
reports/rs_HWIPDOTRM1EKRPKYKH81.IND__2025-12-31.json: 76,406 bytes
reports/rs_I6SS27Q1Q3385V753S50.IND__2025-06-30.json: 213,124 bytes
reports/rs_I6USJ58BDV2BO5KP3C31.CON__2025-06-30.json: 6,916 bytes
reports/rs_I6SS27Q1Q3385V753S50.IND__2026-03-31.json: 18,877 bytes
reports/rs_I6SS27Q1Q3385V753S50.IND__2025-12-31.json: 234,586 bytes
reports/rs_I7ETN0QQO2AHZZGHJ389.IND__2025-12-31.json: 49,013 bytes
reports/rs_I7ETN0QQO2AHZZGHJ389.IND__2026-03-31.json: 30,665 bytes
reports/rs_I6USJ58BDV2BO5KP3C31.CON__2025-12-31.json: 100,082 bytes
reports/rs_J48C8PCSJVUBR8KCW529.CON__2025-09-30.json: 36,257 bytes
reports/rs_J4CP7MHCXR8DAQMKIL78.CON__2025-06-30.json: 357,022 bytes
reports/rs_J48C8PCSJVUBR8KCW529.CON__2025-06-30.json: 371,855 bytes
reports/rs_J4CP7MHCXR8DAQMKIL78.CON__2025-09-30.json: 38,279 bytes
reports/rs_J4CP7MHCXR8DAQMKIL78.CON__2026-03-31.json: 39,016 bytes
reports/rs_J4CP7MHCXR8DAQMKIL78.CON__2025-12-31.json: 491,984 bytes
reports/rs_JLS56RAMYQZECFUF2G44.CON__2025-06-30.json: 498,243 bytes
reports/rs_JU1U6S0DG9YLT7N8ZV32.CON__2025-09-30.json: 45,039 bytes
reports/rs_JU1U6S0DG9YLT7N8ZV32.CON__2025-06-30.json: 487,212 bytes
reports/rs_K8MS7FD7N5Z2WQ51AZ71.CON__2025-09-30.json: 46,285 bytes
reports/rs_K8MS7FD7N5Z2WQ51AZ71.CON__2025-06-30.json: 575,950 bytes
reports/rs_JU1U6S0DG9YLT7N8ZV32.CON__2025-12-31.json: 584,984 bytes
reports/rs_K8MS7FD7N5Z2WQ51AZ71.CON__2026-03-31.json: 45,914 bytes
reports/rs_K8MS7FD7N5Z2WQ51AZ71.CON__2025-12-31.json: 718,275 bytes
reports/rs_KFUXYFTU2LHQFQZDQG45.CON__2025-09-30.json: 31,614 bytes
reports/rs_KFUXYFTU2LHQFQZDQG45.CON__2025-06-30.json: 115,246 bytes
reports/rs_KFUXYFTU2LHQFQZDQG45.CON__2025-12-31.json: 128,178 bytes
reports/rs_KGCEPHLVVKVRZYO1T647.CON__2025-06-30.json: 186,610 bytes
reports/rs_KGCEPHLVVKVRZYO1T647.CON__2025-09-30.json: 40,437 bytes
reports/rs_KGCEPHLVVKVRZYO1T647.CON__2026-03-31.json: 40,358 bytes
reports/rs_KGCEPHLVVKVRZYO1T647.CON__2025-12-31.json: 198,591 bytes
reports/rs_KR6LSKV3BTSJRD41IF75.CON__2025-06-30.json: 178,094 bytes
reports/rs_KR6LSKV3BTSJRD41IF75.CON__2025-09-30.json: 25,270 bytes
reports/rs_KR6LSKV3BTSJRD41IF75.CON__2026-03-31.json: 31,003 bytes
reports/rs_KR6LSKV3BTSJRD41IF75.CON__2025-12-31.json: 207,649 bytes
reports/rs_KX1WK48MPD4Y2NCUIZ63.CON__2025-06-30.json: 492,731 bytes
reports/rs_LIU16F6VZJSD6UKHD557.CON__2025-06-30.json: 233,996 bytes
reports/rs_KX1WK48MPD4Y2NCUIZ63.CON__2025-12-31.json: 446,270 bytes
reports/rs_LIU16F6VZJSD6UKHD557.CON__2025-09-30.json: 46,591 bytes
reports/rs_LIU16F6VZJSD6UKHD557.CON__2026-03-31.json: 44,743 bytes
reports/rs_LOO0AWXR8GF142JCO404.CON__2025-06-30.json: 151,782 bytes
reports/rs_LOO0AWXR8GF142JCO404.CON__2025-09-30.json: 23,756 bytes
reports/rs_M312WZV08Y7LYUC71685.CON__2025-09-30.json: 38,467 bytes
reports/rs_LIU16F6VZJSD6UKHD557.CON__2025-12-31.json: 320,477 bytes
reports/rs_LOO0AWXR8GF142JCO404.CON__2025-12-31.json: 228,146 bytes
reports/rs_M312WZV08Y7LYUC71685.CON__2026-03-31.json: 37,554 bytes
reports/rs_M6AD1Y1KW32H8THQ6F76.CON__2025-09-30.json: 29,088 bytes
reports/rs_M312WZV08Y7LYUC71685.CON__2025-12-31.json: 301,239 bytes
reports/rs_M6AD1Y1KW32H8THQ6F76.CON__2025-06-30.json: 307,619 bytes
reports/rs_M312WZV08Y7LYUC71685.CON__2025-06-30.json: 221,588 bytes
reports/rs_MAES062Z21O4RZ2U7M96.CON__2025-06-30.json: 248,267 bytes
reports/rs_MAES062Z21O4RZ2U7M96.CON__2025-09-30.json: 15,890 bytes
reports/rs_MAES062Z21O4RZ2U7M96.CON__2026-03-31.json: 27,024 bytes
reports/rs_MKP1B7E76TN04CD85Z79.CON__2025-06-30.json: 6,692 bytes
reports/rs_MMYX0N4ZEZ13Z4XCG897.IND__2025-06-30.json: 11,899 bytes
reports/rs_MAES062Z21O4RZ2U7M96.CON__2025-12-31.json: 333,008 bytes
reports/rs_MKP1B7E76TN04CD85Z79.CON__2025-12-31.json: 116,415 bytes
reports/rs_MMYX0N4ZEZ13Z4XCG897.IND__2025-09-30.json: 2,058 bytes
reports/rs_MMYX0N4ZEZ13Z4XCG897.IND__2025-12-31.json: 137,733 bytes
reports/rs_N1FBEDJ5J41VKZLO2475.CON__2025-06-30.json: 206,659 bytes
reports/rs_N1FBEDJ5J41VKZLO2475.CON__2025-09-30.json: 34,674 bytes
reports/rs_N1FBEDJ5J41VKZLO2475.CON__2025-12-31.json: 126,425 bytes
reports/rs_N4JDFKKH2FTD8RKFXO39.CON__2025-09-30.json: 29,477 bytes
reports/rs_N4JDFKKH2FTD8RKFXO39.CON__2025-06-30.json: 390,428 bytes
reports/rs_N4JDFKKH2FTD8RKFXO39.CON__2025-12-31.json: 470,796 bytes
reports/rs_N747OI7JINV7RUUH6190.CON__2025-09-30.json: 37,271 bytes
reports/rs_N4JDFKKH2FTD8RKFXO39.CON__2026-03-31.json: 29,919 bytes
reports/rs_N747OI7JINV7RUUH6190.CON__2025-06-30.json: 315,065 bytes
reports/rs_N747OI7JINV7RUUH6190.CON__2025-12-31.json: 372,370 bytes
reports/rs_NHBDILHZTYCNBV5UYZ31.CON__2025-09-30.json: 31,847 bytes
reports/rs_NHBDILHZTYCNBV5UYZ31.CON__2025-06-30.json: 256,057 bytes
reports/rs_NHBDILHZTYCNBV5UYZ31.CON__2025-12-31.json: 350,136 bytes
reports/rs_NHBDILHZTYCNBV5UYZ31.CON__2026-03-31.json: 33,038 bytes
reports/rs_NICH5Q04ADUV9SN3Q390.CON__2025-06-30.json: 138,741 bytes
reports/rs_NICH5Q04ADUV9SN3Q390.CON__2025-12-31.json: 164,016 bytes
reports/rs_NMH2KF074RKAGTH4CM63.CON__2025-06-30.json: 118,923 bytes
reports/rs_NMH2KF074RKAGTH4CM63.CON__2025-09-30.json: 21,015 bytes
reports/rs_NMH2KF074RKAGTH4CM63.CON__2026-03-31.json: 21,162 bytes
reports/rs_NNVPP80YIZGEY2314M97.CON__2025-09-30.json: 27,195 bytes
reports/rs_NNVPP80YIZGEY2314M97.CON__2025-06-30.json: 266,606 bytes
reports/rs_NMH2KF074RKAGTH4CM63.CON__2025-12-31.json: 166,843 bytes
reports/rs_NNVPP80YIZGEY2314M97.CON__2025-12-31.json: 363,788 bytes
reports/rs_NNVPP80YIZGEY2314M97.CON__2026-03-31.json: 27,971 bytes
reports/rs_O2RNE8IBXP4R0TD8PU41.CON__2025-06-30.json: 379,502 bytes
reports/rs_O2RNE8IBXP4R0TD8PU41.CON__2026-03-31.json: 49,338 bytesreports/rs_O2RNE8IBXP4R0TD8PU41.CON__2025-09-30.json: 49,763 bytes

reports/rs_P4GTT6GF1W40CVIMFR43.CON__2025-06-30.json: 130,535 bytes
reports/rs_O2RNE8IBXP4R0TD8PU41.CON__2025-12-31.json: 673,073 bytes
reports/rs_P4GTT6GF1W40CVIMFR43.CON__2025-09-30.json: 23,414 bytes
reports/rs_P4GTT6GF1W40CVIMFR43.CON__2026-03-31.json: 22,947 bytes
reports/rs_P4GTT6GF1W40CVIMFR43.CON__2025-12-31.json: 233,332 bytes
reports/rs_PRNXTNXHBI0TSY1V8P17.CON__2025-09-30.json: 23,335 bytes
reports/rs_PQOH26KWDF7CG10L6792.CON__2025-06-30.json: 474,363 bytes
reports/rs_PQOH26KWDF7CG10L6792.CON__2025-09-30.json: 40,432 bytes
reports/rs_PRNXTNXHBI0TSY1V8P17.CON__2025-06-30.json: 188,833 bytes
reports/rs_PRNXTNXHBI0TSY1V8P17.CON__2026-03-31.json: 23,826 bytes
reports/rs_PRNXTNXHBI0TSY1V8P17.CON__2025-12-31.json: 122,750 bytes
reports/rs_PSNL19R2RXX5U3QWHI44.CON__2025-09-30.json: 37,587 bytes
reports/rs_PWEFG14QWWESISQ84C69.CON__2025-12-31.json: 34,992 bytes
reports/rs_Q5BP2UEQ48R75BOTCB92.CON__2025-06-30.json: 11,727 bytes
reports/rs_PSNL19R2RXX5U3QWHI44.CON__2025-06-30.json: 491,420 bytes
reports/rs_QS3ZEAHRBZY9228Z0111.IND__2025-12-31.json: 22,246 bytes
reports/rs_PSNL19R2RXX5U3QWHI44.IND__2025-12-31.json: 193,270 bytes
reports/rs_R0MUWSFPU8MPRO8K5P83.CON__2025-06-30.json: 460,819 bytes
reports/rs_Q5BP2UEQ48R75BOTCB92.CON__2025-12-31.json: 29,499 bytes
reports/rs_R0MUWSFPU8MPRO8K5P83.CON__2025-09-30.json: 48,032 bytes
reports/rs_R0MUWSFPU8MPRO8K5P83.CON__2026-03-31.json: 68,369 bytes
reports/rs_R0MUWSFPU8MPRO8K5P83.CON__2025-12-31.json: 636,509 bytes
reports/rs_R1IO4YJ0O79SMWVCHB58.IND__2025-12-31.json: 21,124 bytes
reports/rs_R7CQUF1DQM73HUTV1078.IND__2025-06-30.json: 179,300 bytes
reports/rs_RG3IZJKPYQ4H6IQPIC08.IND__2025-06-30.json: 11,858 bytes
reports/rs_R7CQUF1DQM73HUTV1078.IND__2025-12-31.json: 342,061 bytes
reports/rs_RRUN0TCQ1K2JDV7MXO75.CON__2025-06-30.json: 8,609 bytes
reports/rs_R7CQUF1DQM73HUTV1078.IND__2025-09-30.json: 31,997 bytesreports/rs_RG3IZJKPYQ4H6IQPIC08.IND__2025-12-31.json: 181,915 bytes

reports/rs_RUOKPID0PZ0UWJYU9J61.CON__2025-10-31.json: 4,153 bytes
reports/rs_RRUN0TCQ1K2JDV7MXO75.CON__2025-12-31.json: 261,503 bytes
reports/rs_SI5RG2M0WQQLZCXKRM20.CON__2025-06-30.json: 248,402 bytes
reports/rs_RY3KI4Q2655O2GIL8D68.CON__2025-12-31.json: 60,863 bytes
reports/rs_SI5RG2M0WQQLZCXKRM20.CON__2025-09-30.json: 35,523 bytes
reports/rs_SI5RG2M0WQQLZCXKRM20.CON__2025-12-31.json: 344,615 bytes
reports/rs_SI5RG2M0WQQLZCXKRM20.CON__2026-03-31.json: 36,638 bytes
reports/rs_SX0CI4F7GVW5530ZMN03.IND__2025-12-31.json: 40,513 bytes
reports/rs_TO822O0VT80V06K0FH57.CON__2025-12-31.json: 173,963 bytes
reports/rs_TUKDD90GPC79G1KOE162.CON__2025-09-30.json: 39,539 bytes
reports/rs_TPS0Q8GFSZF45ZZFL873.CON__2025-12-31.json: 158,676 bytes
reports/rs_UAIAINAJ28P30E5GWE37.CON__2025-06-30.json: 886 bytes
reports/rs_UAIAINAJ28P30E5GWE37.CON__2025-12-31.json: 231,255 bytes
reports/rs_UI802FYJ52XDB7N4KN18.CON__2025-06-30.json: 34,198 bytes
reports/rs_TUKDD90GPC79G1KOE162.CON__2025-12-31.json: 419,427 bytes
reports/rs_UI802FYJ52XDB7N4KN18.CON__2025-12-31.json: 164,011 bytes
reports/rs_TUKDD90GPC79G1KOE162.CON__2025-06-30.json: 302,021 bytes
reports/rs_VDYMYTQGZZ6DU0912C88.CON__2025-09-30.json: 36,687 bytes
reports/rs_VDYMYTQGZZ6DU0912C88.CON__2025-06-30.json: 288,814 bytes
reports/rs_VDYMYTQGZZ6DU0912C88.CON__2026-03-31.json: 37,000 bytes
reports/rs_VWMYAEQSTOPNV0SUGU82.CON__2025-06-30.json: 175,335 bytes
reports/rs_VDYMYTQGZZ6DU0912C88.CON__2025-12-31.json: 355,464 bytes
reports/rs_VWMYAEQSTOPNV0SUGU82.CON__2025-12-31.json: 278,115 bytes
reports/rs_VWMYAEQSTOPNV0SUGU82.CON__2026-03-31.json: 32,184 bytes
reports/rs_XLEZHWWOI4HFQDGL4793.CON__2025-09-30.json: 22,949 bytes
reports/rs_XLEZHWWOI4HFQDGL4793.CON__2026-03-31.json: 23,320 bytes
reports/rs_XTC5E2QFTEF0435JWL77.CON__2025-12-31.json: 36,805 bytes
reports/rs_Y28RT6GGYJ696PMW8T44.CON__2025-12-31.json: 307,995 bytes
reports/rs_XLEZHWWOI4HFQDGL4793.CON__2025-12-31.json: 225,094 bytes
reports/rs_969500O971S0I6U24G84.CON__2025-12-31.json: 1,288 bytes
reports/rs_Y28RT6GGYJ696PMW8T44.CON__2026-03-31.json: 559 bytes
