baseline desktop benchmark 0 1348 ms
baseline desktop report 0 519 ms
baseline mobile4g benchmark 0 8370 ms
baseline mobile4g report 0 2062 ms
candidate desktop benchmark 0 672 ms
candidate desktop report 0 572 ms
candidate mobile4g benchmark 0 2811 ms
candidate mobile4g report 0 1831 ms
candidate desktop benchmark 1 782 ms
candidate desktop report 1 620 ms
candidate mobile4g benchmark 1 2788 ms
candidate mobile4g report 1 1885 ms
baseline desktop benchmark 1 1245 ms
baseline desktop report 1 538 ms
baseline mobile4g benchmark 1 8390 ms
baseline mobile4g report 1 1808 ms
baseline desktop benchmark 2 1233 ms
baseline desktop report 2 590 ms
baseline mobile4g benchmark 2 8299 ms
baseline mobile4g report 2 1949 ms
candidate desktop benchmark 2 649 ms
candidate desktop report 2 558 ms
candidate mobile4g benchmark 2 2998 ms
candidate mobile4g report 2 2172 ms
candidate desktop benchmark 3 666 ms
candidate desktop report 3 532 ms
candidate mobile4g benchmark 3 2831 ms
candidate mobile4g report 3 1921 ms
baseline desktop benchmark 3 1335 ms
baseline desktop report 3 480 ms
baseline mobile4g benchmark 3 8870 ms
baseline mobile4g report 3 1702 ms
baseline desktop benchmark 4 1340 ms
baseline desktop report 4 654 ms
baseline mobile4g benchmark 4 8566 ms
baseline mobile4g report 4 1790 ms
candidate desktop benchmark 4 646 ms
candidate desktop report 4 530 ms
candidate mobile4g benchmark 4 2897 ms
candidate mobile4g report 4 2012 ms
