0 desktop benchmark cold 783
0 desktop benchmark warm 298
0 desktop report cold 599
0 desktop report warm 261
0 mobile4g benchmark cold 2653
0 mobile4g benchmark warm 1133
0 mobile4g report cold 1743
0 mobile4g report warm 1173
1 desktop benchmark cold 585
1 desktop benchmark warm 288
1 desktop report cold 598
1 desktop report warm 274
1 mobile4g benchmark cold 2619
1 mobile4g benchmark warm 1282
1 mobile4g report cold 1859
1 mobile4g report warm 1041
2 desktop benchmark cold 693
2 desktop benchmark warm 262
2 desktop report cold 628
2 desktop report warm 234
2 mobile4g benchmark cold 2801
2 mobile4g benchmark warm 1210
2 mobile4g report cold 1829
2 mobile4g report warm 1097
3 desktop benchmark cold 608
3 desktop benchmark warm 308
3 desktop report cold 646
3 desktop report warm 257
3 mobile4g benchmark cold 2718
3 mobile4g benchmark warm 1257
3 mobile4g report cold 1785
3 mobile4g report warm 949
4 desktop benchmark cold 586
4 desktop benchmark warm 274
4 desktop report cold 709
4 desktop report warm 264
4 mobile4g benchmark cold 2625
4 mobile4g benchmark warm 1371
4 mobile4g report cold 2009
4 mobile4g report warm 1198
