0 desktop benchmark cold 754
0 desktop benchmark warm 247
0 desktop report cold 4332
0 desktop report warm 253
0 mobile4g benchmark cold 2786
0 mobile4g benchmark warm 1311
0 mobile4g report cold 1782
0 mobile4g report warm 1280
1 desktop benchmark cold 641
1 desktop benchmark warm 324
1 desktop report cold 953
1 desktop report warm 308
1 mobile4g benchmark cold 2714
1 mobile4g benchmark warm 1059
1 mobile4g report cold 1940
1 mobile4g report warm 1099
2 desktop benchmark cold 662
2 desktop benchmark warm 267
2 desktop report cold 752
2 desktop report warm 324
2 mobile4g benchmark cold 2900
2 mobile4g benchmark warm 1228
2 mobile4g report cold 1782
2 mobile4g report warm 1072
3 desktop benchmark cold 619
3 desktop benchmark warm 252
3 desktop report cold 579
3 desktop report warm 307
3 mobile4g benchmark cold 2758
3 mobile4g benchmark warm 1358
3 mobile4g report cold 1638
3 mobile4g report warm 1055
4 desktop benchmark cold 708
4 desktop benchmark warm 354
4 desktop report cold 613
4 desktop report warm 314
4 mobile4g benchmark cold 2718
4 mobile4g benchmark warm 1321
4 mobile4g report cold 1917
4 mobile4g report warm 1161
